// Jest Snapshot v1, https://goo.gl/fbAQLP

exports[`should scrape the site name 1`] = `"Daily"`;
